// Jest Snapshot v1, https://goo.gl/fbAQLP

exports[`<NewTravelStipendForm /> renders correctly 1`] = `
<div>
  <form
    className="new-request"
    onSubmit={[Function]}
  >
    <fieldset
      className="personal-details"
    >
      <div>
        <div>
          <div
            className="input-group"
          >
            <div
              className="spaces"
            >
              <div
                className="form-input request_dropdown stipend-location "
              >
                <label
                  htmlFor="center"
                >
                  Select Location
                  <span
                    style={
                      Object {
                        "color": "red",
                      }
                    }
                  >
                     * 
                  </span>
                </label>
                <div
                  style={
                    Object {
                      "position": "relative",
                    }
                  }
                >
                  <div
                    autoComplete="off"
                    choices={
                      Array [
                        "Lagos, Nigeria",
                        "Nairobi, Kenya",
                        "Kigali, Rwanda",
                        "New York, United States",
                        "Kampala, Uganda",
                        "San Francisco, United States",
                        "Austin, United States",
                      ]
                    }
                    className="input select  request_dropdown stipend-location"
                    id="user-location"
                    label="Select Location"
                    name="center"
                    onChange={[Function]}
                    onClick={[Function]}
                    onKeyPress={[Function]}
                    role="button"
                    size=""
                    tabIndex="0"
                    type="dropdown-select"
                    value=""
                  >
                    <div
                      className="value"
                      style={
                        Object {
                          "width": "",
                        }
                      }
                    >
                       
                      <div
                        className="select-dropdown inactive"
                      >
                        <img
                          alt="icn"
                          src="form_select_dropdown.svg"
                        />
                      </div>
                    </div>
                    <ul
                      className="select-menu select-menu--inactive"
                      onScroll={[Function]}
                    >
                      <li
                        id="choice"
                        key="Lagos, Nigeria"
                      >
                        <div
                          id="choice"
                          onClick={[Function]}
                          onKeyPress={[Function]}
                          role="button"
                          tabIndex="0"
                        >
                          Lagos, Nigeria
                        </div>
                      </li>
                      <li
                        id="choice"
                        key="Nairobi, Kenya"
                      >
                        <div
                          id="choice"
                          onClick={[Function]}
                          onKeyPress={[Function]}
                          role="button"
                          tabIndex="0"
                        >
                          Nairobi, Kenya
                        </div>
                      </li>
                      <li
                        id="choice"
                        key="Kigali, Rwanda"
                      >
                        <div
                          id="choice"
                          onClick={[Function]}
                          onKeyPress={[Function]}
                          role="button"
                          tabIndex="0"
                        >
                          Kigali, Rwanda
                        </div>
                      </li>
                      <li
                        id="choice"
                        key="New York, United States"
                      >
                        <div
                          id="choice"
                          onClick={[Function]}
                          onKeyPress={[Function]}
                          role="button"
                          tabIndex="0"
                        >
                          New York, United States
                        </div>
                      </li>
                      <li
                        id="choice"
                        key="Kampala, Uganda"
                      >
                        <div
                          id="choice"
                          onClick={[Function]}
                          onKeyPress={[Function]}
                          role="button"
                          tabIndex="0"
                        >
                          Kampala, Uganda
                        </div>
                      </li>
                      <li
                        id="choice"
                        key="San Francisco, United States"
                      >
                        <div
                          id="choice"
                          onClick={[Function]}
                          onKeyPress={[Function]}
                          role="button"
                          tabIndex="0"
                        >
                          San Francisco, United States
                        </div>
                      </li>
                      <li
                        id="choice"
                        key="Austin, United States"
                      >
                        <div
                          id="choice"
                          onClick={[Function]}
                          onKeyPress={[Function]}
                          role="button"
                          tabIndex="0"
                        >
                          Austin, United States
                        </div>
                      </li>
                    </ul>
                  </div>
                </div>
                <span
                  className="error"
                />
              </div>
            </div>
            <div
              className="spaces"
            >
              <div
                className="form-input request_dropdown stipend-amount "
              >
                <label
                  htmlFor="stipend"
                >
                  Enter Amount in Dollars ($)
                  <span
                    style={
                      Object {
                        "color": "red",
                      }
                    }
                  >
                     * 
                  </span>
                </label>
                <input
                  autoComplete="off"
                  className=" request_dropdown stipend-amount"
                  id="your-manager"
                  label="Enter Amount in Dollars ($)"
                  name="stipend"
                  onBlur={[Function]}
                  onChange={[Function]}
                  size=""
                  type="text"
                  value=""
                />
                <span
                  className="error"
                />
              </div>
            </div>
          </div>
        </div>
      </div>
    </fieldset>
    <fieldset>
      <div
        className="submit-area"
      >
        <button
          className="bg-btn bg-btn--inactive travel-stipends__right"
          id="cancel"
          onClick={[Function]}
          type="button"
        >
          Cancel
        </button>
        <button
          className="bg-btn bg-btn--active"
          disabled={true}
          id="submit"
          type="submit"
        >
          <undefined />
        </button>
      </div>
    </fieldset>
  </form>
</div>
`;
