// Jest Snapshot v1, https://goo.gl/fbAQLP

exports[`<Dashboard /> renders correctly 1`] = `
<div
  className="analytics-card"
>
  <h3
    className="analytics-card__title"
  >
    Test title
  </h3>
  <div
    className="analytics-card__stats green"
  >
    <div
      className="analytics-card__icon"
    >
      <img
        alt=""
        src=""
      />
    </div>
    <div
      className="analytics-card__stat"
    >
      <h4>
        30
      </h4>
    </div>
  </div>
</div>
`;
