// Jest Snapshot v1, https://goo.gl/fbAQLP

exports[`TravelReadinessDocumentsTable renders TableBody 1`] = `
<tbody
  className="table__body"
>
  <UserReadiness
    department="Success"
    key="-LJlsimdclse9s"
    name="John Snow"
    othersCount={0}
    passportsCount={1}
    userId="-LJlsimdclse9s"
    visasCount={2}
  />
  <UserReadiness
    department="Talent & Development"
    key="-LMIzC-bCc10w7Uqc7-A"
    name="Celestine Ekoh-Ordan"
    othersCount={0}
    passportsCount={0}
    userId="-LMIzC-bCc10w7Uqc7-A"
    visasCount={0}
  />
</tbody>
`;

exports[`TravelReadinessDocumentsTable renders TableHead 1`] = `
<thead>
  <tr>
    <th
      className="mdl-data-table__cell--non-numeric table__head"
    >
      Name
    </th>
    <th
      className="mdl-data-table__cell--non-numeric table__head pl-sm-100d description-left"
    >
      Department
    </th>
    <th
      className="mdl-data-table__cell--non-numeric table__head pl-sm-100d description-left"
    >
      No. of Passports
    </th>
    <th
      className="mdl-data-table__cell--non-numeric table__head"
    >
      No. of Visas
    </th>
    <th
      className="mdl-data-table__cell--non-numeric table__head"
    >
      No. of Other Documents
    </th>
  </tr>
</thead>
`;

exports[`TravelReadinessDocumentsTable renders UserReadiness 1`] = `
<tr
  className="table__rows"
>
  <td
    className="mdl-data-table__cell--non-numeric table__data readiness__cell-name"
  >
    <Link
      className="table__data--link"
      replace={false}
      to="/travel-readiness/xlkdsf"
    >
      John Doe
    </Link>
  </td>
  <td
    className="mdl-data-table__cell--non-numeric table__data"
  >
    TDD
  </td>
  <td
    className="mdl-data-table__cell--non-numeric table__data"
  >
    4
  </td>
  <td
    className="mdl-data-table__cell--non-numeric table__data"
  >
    2
  </td>
  <td
    className="mdl-data-table__cell--non-numeric table__data"
  >
    3
  </td>
</tr>
`;
