// Jest Snapshot v1, https://goo.gl/fbAQLP

exports[`<Requests> renders as expected 1`] = `
<Fragment>
  <Modal
    closeDeleteModal={null}
    closeModal={[Function]}
    customModalStyles=""
    customOverlayStyle=""
    modalBar={<div />}
    modalContentId=""
    modalId=""
    params=""
    requestId=""
    showOverlay={true}
    title="New Travel Request"
    visibility="invisible"
    width="81.95%"
  >
    <NewRequestForm
      availableRooms={
        Object {
          "beds": Array [
            Object {
              "bedName": "bed 1",
              "booked": false,
              "createdAt": "2018-08-16T11:11:52.181Z",
              "id": 1,
              "roomId": "room-id-1",
              "rooms": Object {
                "bedCount": 2,
                "createdAt": "2018-08-16T11:11:52.181Z",
                "faulty": false,
                "guestHouseId": "guest-house-1",
                "guestHouses": Object {
                  "bathRooms": 1,
                  "createdAt": "2018-08-16T11:11:52.181Z",
                  "houseName": "Mini flat-B",
                  "id": "guest-house-1",
                  "imageUrl": "https://www.dropbox.com/s/c2n63x2jamh3ndv/guesthouse2.jpg?raw=1",
                  "location": "Lagos,Nigeria",
                  "updatedAt": "2018-08-16T11:11:52.181Z",
                  "userId": "-LJV4b1QTCYewOtk5F63",
                },
                "id": "room-id-1",
                "roomName": "Kwetu",
                "roomType": "ensuited",
                "updatedAt": "2018-08-16T11:11:52.181Z",
              },
              "updatedAt": "2018-08-16T11:11:52.181Z",
            },
            Object {
              "bedName": "bed 2",
              "booked": false,
              "createdAt": "2018-08-16T11:11:52.181Z",
              "id": 2,
              "roomId": "room-id-1",
              "rooms": Object {
                "bedCount": 2,
                "createdAt": "2018-08-16T11:11:52.181Z",
                "faulty": false,
                "guestHouseId": "guest-house-1",
                "guestHouses": Object {
                  "bathRooms": 1,
                  "createdAt": "2018-08-16T11:11:52.181Z",
                  "houseName": "Mini flat-B",
                  "id": "guest-house-1",
                  "imageUrl": "https://www.dropbox.com/s/c2n63x2jamh3ndv/guesthouse2.jpg?raw=1",
                  "location": "Lagos,Nigeria",
                  "updatedAt": "2018-08-16T11:11:52.181Z",
                  "userId": "-LJV4b1QTCYewOtk5F63",
                },
                "id": "room-id-1",
                "roomName": "Kwetu",
                "roomType": "ensuited",
                "updatedAt": "2018-08-16T11:11:52.181Z",
              },
              "updatedAt": "2018-08-16T11:11:52.181Z",
            },
            Object {
              "bedName": "bed 1",
              "booked": false,
              "createdAt": "2018-08-16T11:11:52.181Z",
              "id": 3,
              "roomId": "room-id-2",
              "rooms": Object {
                "bedCount": 3,
                "createdAt": "2018-08-16T11:11:52.181Z",
                "faulty": false,
                "guestHouseId": "guest-house-1",
                "guestHouses": Object {
                  "bathRooms": 1,
                  "createdAt": "2018-08-16T11:11:52.181Z",
                  "houseName": "Mini flat-B",
                  "id": "guest-house-1",
                  "imageUrl": "https://www.dropbox.com/s/c2n63x2jamh3ndv/guesthouse2.jpg?raw=1",
                  "location": "Lagos,Nigeria",
                  "updatedAt": "2018-08-16T11:11:52.181Z",
                  "userId": "-LJV4b1QTCYewOtk5F63",
                },
                "id": "room-id-2",
                "roomName": "Menengai",
                "roomType": "ensuited",
                "updatedAt": "2018-08-16T11:11:52.181Z",
              },
              "updatedAt": "2018-08-16T11:11:52.181Z",
            },
            Object {
              "bedName": "bed 2",
              "booked": false,
              "createdAt": "2018-08-16T11:11:52.181Z",
              "id": 4,
              "roomId": "room-id-2",
              "rooms": Object {
                "bedCount": 3,
                "createdAt": "2018-08-16T11:11:52.181Z",
                "faulty": false,
                "guestHouseId": "guest-house-1",
                "guestHouses": Object {
                  "bathRooms": 1,
                  "createdAt": "2018-08-16T11:11:52.181Z",
                  "houseName": "Mini flat-B",
                  "id": "guest-house-1",
                  "imageUrl": "https://www.dropbox.com/s/c2n63x2jamh3ndv/guesthouse2.jpg?raw=1",
                  "location": "Lagos,Nigeria",
                  "updatedAt": "2018-08-16T11:11:52.181Z",
                  "userId": "-LJV4b1QTCYewOtk5F63",
                },
                "id": "room-id-2",
                "roomName": "Menengai",
                "roomType": "ensuited",
                "updatedAt": "2018-08-16T11:11:52.181Z",
              },
              "updatedAt": "2018-08-16T11:11:52.181Z",
            },
            Object {
              "bedName": "bed 3",
              "booked": false,
              "createdAt": "2018-08-16T11:11:52.181Z",
              "id": 5,
              "roomId": "room-id-2",
              "rooms": Object {
                "bedCount": 3,
                "createdAt": "2018-08-16T11:11:52.181Z",
                "faulty": false,
                "guestHouseId": "guest-house-1",
                "guestHouses": Object {
                  "bathRooms": 1,
                  "createdAt": "2018-08-16T11:11:52.181Z",
                  "houseName": "Mini flat-B",
                  "id": "guest-house-1",
                  "imageUrl": "https://www.dropbox.com/s/c2n63x2jamh3ndv/guesthouse2.jpg?raw=1",
                  "location": "Lagos,Nigeria",
                  "updatedAt": "2018-08-16T11:11:52.181Z",
                  "userId": "-LJV4b1QTCYewOtk5F63",
                },
                "id": "room-id-2",
                "roomName": "Menengai",
                "roomType": "ensuited",
                "updatedAt": "2018-08-16T11:11:52.181Z",
              },
              "updatedAt": "2018-08-16T11:11:52.181Z",
            },
          ],
        }
      }
      closeModal={[Function]}
      creatingRequest={false}
      errors={Array []}
      fetchAvailableRooms={[Function]}
      fetchUserRequests={[Function]}
      handleCreateRequest={[Function]}
      handleEditRequest={[Function]}
      loading={false}
      managers={Array []}
      modalType={null}
      requestOnEdit={
        Object {
          "createdAt": "2018-09-26T15:15:49.808Z",
          "department": "Talent & Development",
          "gender": "Male",
          "id": "1",
          "manager": "Faluyi Seun",
          "name": "Seun Undefined",
          "role": "Software Developer",
          "status": "Open",
          "tripType": "multi",
          "trips": Array [
            Object {
              "bedId": 1,
              "createdAt": "2018-09-27T18:49:03.626Z",
              "departureDate": "2018-09-30",
              "destination": "Lagos Nigeria",
              "id": "1",
              "origin": "Abuja Nigeria",
              "requestId": "NfR-9KoCP",
              "returnDate": "2018-09-30",
              "updatedAt": "2018-09-27T18:49:43.803Z",
            },
          ],
          "updatedAt": "2018-09-26T15:15:49.808Z",
          "userId": "lorem-ipsum",
        }
      }
      updateUserProfile={[Function]}
      user={
        Object {
          "UserInfo": Object {
            "name": "John Doe",
          },
        }
      }
      userData={
        Object {
          "createdAt": "2018-09-14T12:48:11.266Z",
          "department": "Talent & Development",
          "email": "collins.muru@andela.com",
          "fullName": "Collins Muru",
          "gender": "Male",
          "id": "2",
          "manager": "Collins",
          "occupation": "Software Developer",
          "passportName": "Collins Njau",
          "roleId": 401938,
          "updatedAt": "2018-09-16T07:53:48.835Z",
          "userId": "-LJNw1BsT0LP_E4l2peP",
        }
      }
    />
  </Modal>
  <div
    className="rp-requests__header"
  >
    <RequestPanelHeader
      activeStatus="all"
      fetchRequests={[Function]}
      getRequestsWithLimit={[Function]}
      modalType={null}
      openModal={[Function]}
      openRequestsCount={1}
      pastRequestsCount={1}
      requestsLength={3}
      shouldOpen={false}
      url="?page=1"
    />
  </div>
  <div
    className="rp-table"
  >
    <WithLoading
      closeModal={[Function]}
      editRequest={[Function]}
      fetchRequestsError={null}
      fetchTravelChecklist={[Function]}
      history={
        Object {
          "push": [Function],
        }
      }
      isLoading={false}
      location={
        Object {
          "pathname": "/requests",
          "search": "?page=1",
        }
      }
      modalType={null}
      openModal={[Function]}
      page="Requests"
      requestId="sgjdgljgd"
      requests={
        Array [
          Object {
            "department": "TDD",
            "gender": "Female",
            "id": "xDh20btGz",
            "manager": "Ezrqn Kiptanui",
            "name": "Amarachukwo Agbo",
            "role": "Learning Facilitator",
            "status": "Open",
            "tripType": "oneWay",
            "trips": Array [
              Object {
                "bedId": 1,
                "departureDate": "2018-09-20",
                "destination": "Angola",
                "origin": "Lagos",
              },
            ],
          },
          Object {
            "department": "TDD",
            "gender": "Female",
            "id": "xDh20btGy",
            "manager": "Ezrqn Kiptanui",
            "name": "Amarachukwo Agbo",
            "role": "Learning Facilitator",
            "status": "Approved",
            "tripType": "oneWay",
            "trips": Array [
              Object {
                "bedId": 1,
                "departureDate": "2018-09-20",
                "destination": "Angola",
                "origin": "Lagos",
              },
            ],
          },
          Object {
            "department": "TDD",
            "gender": "Female",
            "id": "xDh20btGx",
            "manager": "Ezrqn Kiptanui",
            "name": "Amarachukwo Agbo",
            "role": "Learning Facilitator",
            "tripType": "oneWay",
            "trips": Array [
              Object {
                "bedId": 1,
                "departureDate": "2018-09-20",
                "destination": "Angola",
                "origin": "Lagos",
              },
            ],
          },
        ]
      }
      shouldOpen={false}
      showTravelChecklist={[Function]}
      type="requests"
      uploadTripSubmissions={[Function]}
    />
  </div>
  <div
    className="rp-pagination"
  >
    <Pagination
      currentPage={1}
      onPageChange={[Function]}
      pageCount={4}
    />
  </div>
</Fragment>
`;
