// Jest Snapshot v1, https://goo.gl/fbAQLP

exports[`<ListTravelStipends /> renders without crashing 1`] = `
<div>
  <div>
    <div>
      <div
        className="card"
      >
        <i
          className="fa fa-ellipsis-v on card_icon"
          id="toggleIcon"
          role="presentation"
        />
        <div
          className="card_title"
        >
          Nairobi, Kenya
           
        </div>
        <div
          className="card_stipend"
        >
          $
          345
           
        </div>
        <p
          className="card_p"
        >
          Daily Stipend
        </p>
      </div>
      <div
        className="card"
      >
        <i
          className="fa fa-ellipsis-v on card_icon"
          id="toggleIcon"
          role="presentation"
        />
        <div
          className="card_title"
        >
          Kampala, Uganda
           
        </div>
        <div
          className="card_stipend"
        >
          $
          345
           
        </div>
        <p
          className="card_p"
        >
          Daily Stipend
        </p>
      </div>
    </div>
  </div>
</div>
`;
