// Jest Snapshot v1, https://goo.gl/fbAQLP

exports[`<RoomsGeomWrapper /> renders properly 1`] = `
<div
  className="rooms-geometry-wrapper"
>
  <RoomGeomWrapper
    beds={
      Array [
        Object {
          "bedId": "kitanda1",
          "bedName": "kitanda 1",
        },
      ]
    }
    deletedMaintenance={Object {}}
    editMaintenance={Object {}}
    key="room-id-1"
    status={false}
    timelineStartDate={"2018-12-01T00:00:00.000Z"}
    timelineViewType="month"
    tripDayWidth={31}
  />
</div>
`;
