// Jest Snapshot v1, https://goo.gl/fbAQLP

exports[`<Modal /> renders correctly 1`] = `
<div
  className="overlay invisible  "
  onClick={null}
  onKeyPress={[Function]}
  role="button"
  tabIndex="0"
>
  <div
    className="modal invisible "
    id=""
    onClick={[Function]}
    onKeyPress={[Function]}
    role="button"
    style={
      Object {
        "maxWidth": "",
      }
    }
    tabIndex="0"
  >
    <div
      className="modal-title-bar"
    >
      <div
        className="modal-title-text"
      >
        <div
          className="modal-title modal-title-word"
        >
          test modal
        </div>
        <div
          className="lable-text modal-bar"
        >
          <div />
        </div>
      </div>
      <button
        className="modal-close"
        onClick={[Function]}
        type="button"
      >
        <img
          alt="close"
          src="close.svg"
        />
      </button>
    </div>
    <div
      className="modal-content"
      id=""
    >
      <div>
        Test content
      </div>
    </div>
  </div>
</div>
`;
