// Jest Snapshot v1, https://goo.gl/fbAQLP

exports[`<NewAccommodation /> renders correctly 1`] = `
<form
  className="new-request"
  onSubmit={[Function]}
>
  <fieldset>
    <div
      className="aline-box"
    >
      <div
        className="image-rectangle"
      >
        <img
          alt="ImagePreview"
          className="add-photo"
          src="add_photo_alternate_24px.svg"
        />
      </div>
      <div
        className="image-space"
      >
        <p
          className="upload"
        >
          Upload guest house image
        </p>
        <div
          className="upload-btn-wrapper"
        >
          <button
            className="action-btn btn-new-request"
            type="button"
          >
            upload
          </button>
          <input
            name="myfile"
            onChange={[Function]}
            type="file"
          />
        </div>
      </div>
    </div>
    <div
      className="input-group reduce-margin"
    >
      <div
        className="guest-house-input"
      >
        <div
          className="form-input  "
        >
          <label
            htmlFor="houseName"
          >
            Guest House Name
            <span
              style={
                Object {
                  "color": "red",
                }
              }
            >
              *
            </span>
          </label>
          <input
            autoComplete="off"
            className=" "
            label="Guest House Name"
            name="houseName"
            onBlur={[Function]}
            onChange={[Function]}
            type="text"
            value=""
          />
          <span
            className="error"
          />
        </div>
      </div>
      <div
        className="guest-house-input"
        onChange={[Function]}
      >
        <div
          className="form-input  "
        >
          <label
            htmlFor="location"
          >
            Location
            <span
              style={
                Object {
                  "color": "red",
                }
              }
            >
              *
            </span>
          </label>
          <input
            autoComplete="off"
            className=" "
            label="Location"
            name="location"
            onBlur={[Function]}
            onChange={[Function]}
            type="text"
            value=""
          />
          <span
            className="error"
          />
        </div>
      </div>
      <div
        className="guest-house-input"
      >
        <div
          className="form-input  "
        >
          <label
            htmlFor="bathRooms"
          >
            Bathrooms
            <span
              style={
                Object {
                  "color": "red",
                }
              }
            >
              *
            </span>
          </label>
          <div>
            <input
              autoComplete="off"
              className=" "
              label="Bathrooms"
              min="1"
              name="bathRooms"
              onBlur={[Function]}
              onChange={[Function]}
              type="number"
              value=""
            />
            <div
              className="style-number"
            >
              <img
                alt="icn"
                className="image1"
                src="form_select_dropdown.svg"
              />
              <img
                alt="icn"
                className="image2"
                src="form_select_dropdown.svg"
              />
            </div>
          </div>
          <span
            className="error"
          />
        </div>
      </div>
    </div>
    <h4
      className="add-rooms"
    >
      Add Rooms
    </h4>
    <div
      id={0}
      key="0"
    >
      <div
        className="add-cancel"
      >
        <div
          className="room-rectangle"
        >
          <div
            className="style-input-box"
            onChange={[Function]}
          >
            <div
              className="room"
            >
              <div
                className="form-input  "
              >
                <label
                  htmlFor="roomName-0"
                >
                  Room Name
                  <span
                    style={
                      Object {
                        "color": "red",
                      }
                    }
                  >
                    *
                  </span>
                </label>
                <input
                  autoComplete="off"
                  className=" "
                  data-parentid={0}
                  label="Room Name"
                  name="roomName-0"
                  onBlur={[Function]}
                  onChange={[Function]}
                  parentid={0}
                  type="text"
                  value=""
                />
                <span
                  className="error"
                />
              </div>
            </div>
            <div
              className="room"
            >
              <div
                className="form-input  "
              >
                <label
                  htmlFor="roomType-0"
                >
                  Room Type
                  <span
                    style={
                      Object {
                        "color": "red",
                      }
                    }
                  >
                    *
                  </span>
                </label>
                <div
                  style={
                    Object {
                      "position": "relative",
                    }
                  }
                >
                  <div
                    autoComplete="off"
                    choices={
                      Array [
                        "Ensuite",
                        "Non-Ensuite",
                      ]
                    }
                    className="input select  "
                    data-parentid={0}
                    error=""
                    handleDropDown={[Function]}
                    label="Room Type"
                    name="roomType-0"
                    onChange={[Function]}
                    onClick={[Function]}
                    onKeyPress={[Function]}
                    parentid={0}
                    role="button"
                    tabIndex="0"
                    type="dropdown-select"
                    value=""
                  >
                    <div
                      className="value"
                      style={
                        Object {
                          "width": undefined,
                        }
                      }
                    >
                      <div
                        className="select-dropdown inactive"
                      >
                        <img
                          alt="icn"
                          src="form_select_dropdown.svg"
                        />
                      </div>
                    </div>
                    <ul
                      className="select-menu select-menu--inactive"
                    >
                      <li
                        id="choice"
                        key="Ensuite"
                      >
                        <div
                          id="choice"
                          onClick={[Function]}
                          onKeyPress={[Function]}
                          role="button"
                          tabIndex="0"
                        >
                          Ensuite
                        </div>
                      </li>
                      <li
                        id="choice"
                        key="Non-Ensuite"
                      >
                        <div
                          id="choice"
                          onClick={[Function]}
                          onKeyPress={[Function]}
                          role="button"
                          tabIndex="0"
                        >
                          Non-Ensuite
                        </div>
                      </li>
                    </ul>
                  </div>
                </div>
                <span
                  className="error"
                />
              </div>
            </div>
            <div
              className="room remove"
              onChange={[Function]}
            >
              <div
                className="form-input  "
              >
                <label
                  htmlFor="bedCount-0"
                >
                  No. of Beds
                  <span
                    style={
                      Object {
                        "color": "red",
                      }
                    }
                  >
                    *
                  </span>
                </label>
                <div>
                  <input
                    autoComplete="off"
                    className=" "
                    data-parentid={0}
                    label="No. of Beds"
                    min="1"
                    name="bedCount-0"
                    onBlur={[Function]}
                    onChange={[Function]}
                    parentid={0}
                    type="number"
                    value=""
                  />
                  <div
                    className="style-number"
                  >
                    <img
                      alt="icn"
                      className="image1"
                      src="form_select_dropdown.svg"
                    />
                    <img
                      alt="icn"
                      className="image2"
                      src="form_select_dropdown.svg"
                    />
                  </div>
                </div>
                <span
                  className="error"
                />
              </div>
            </div>
          </div>
        </div>
      </div>
    </div>
    <div
      className="add-more-room-rectangle"
    >
      <div
        className="set-width"
        onClick={[Function]}
        role="presentation"
      >
        <img
          alt="clicked"
          className="add-sug-room"
          src="add.svg"
        />
        <p
          className="add-another-room"
        >
          Add a Room
        </p>
      </div>
    </div>
  </fieldset>
  <hr />
  <fieldset>
    <div
      className="submit-area"
    >
      <button
        className="bg-btn bg-btn--inactive"
        id="cancel"
        onClick={[Function]}
        type="button"
      >
        Clear
      </button>
      <button
        className="bg-btn bg-btn--active"
        disabled={true}
        id="submit"
        type="submit"
      >
        Save
      </button>
    </div>
  </fieldset>
</form>
`;
