// Jest Snapshot v1, https://goo.gl/fbAQLP

exports[`<CentreGrid /> renders correctly 1`] = `
<Fragment>
  <div
    className="mdl-grid accommodation-grid"
  >
    <CentreCard
      bathrooms={5}
      beds={4}
      cardImage="http://images/guest-house.jpg"
      countryFlagImage="https://www.countryflags.io/KE/flat/64.png"
      guestHouseLocation="Nairobi, Kenya"
      guestHouseName="Guest House 1"
      guesthouseId="wrtiuy56_u"
      imageAlt="Guest House 1 image"
      key="wrtiuy56_u"
    />
    <CentreCard
      bathrooms={3}
      beds={5}
      cardImage="http://images/guest-house.jpg"
      countryFlagImage="https://www.countryflags.io/KE/flat/64.png"
      guestHouseLocation="Nairobi, Kenya"
      guestHouseName="Guest House 2"
      guesthouseId="wrtnytom_9"
      imageAlt="Guest House 2 image"
      key="wrtnytom_9"
    />
    <CentreCard
      bathrooms={4}
      beds={4}
      cardImage="http://images/guest-house.jpg"
      countryFlagImage="https://www.countryflags.io/NG/flat/64.png"
      guestHouseLocation="Lagos, Nigeria"
      guestHouseName="Guest House 3"
      guesthouseId="bytrwqjk9"
      imageAlt="Guest House 3 image"
      key="bytrwqjk9"
    />
    <CentreCard
      bathrooms={1}
      beds={2}
      cardImage="http://images/guest-house.jpg"
      countryFlagImage="https://www.countryflags.io/RW/flat/64.png"
      guestHouseLocation="Kigali, Rwanda"
      guestHouseName="Guest House 4"
      guesthouseId="requntm0"
      imageAlt="Guest House 4 image"
      key="requntm0"
    />
  </div>
</Fragment>
`;
