// Jest Snapshot v1, https://goo.gl/fbAQLP

exports[`<FilterContext /> should render without crushing 1`] = `
<div
  className="spiner--wrapper"
>
  <div
    className="spinner--large"
  />
</div>
`;
