// Jest Snapshot v1, https://goo.gl/fbAQLP

exports[`<OtherDocumentForm /> renders without crashing 1`] = `
<form
  className="travel-document-form"
  onSubmit={[Function]}
>
  <fieldset>
    <div
      className="input-group visa-input"
    >
      <div
        className="form-input  "
      >
        <label
          htmlFor="name"
        >
          Name
          <span
            style={
              Object {
                "color": "red",
              }
            }
          >
            *
          </span>
        </label>
        <input
          autoComplete="off"
          className=" "
          label="Name"
          name="name"
          onBlur={[Function]}
          onChange={[Function]}
          type="text"
          value=""
        />
        <span
          className="error"
        />
      </div>
      <div
        className="form-input  "
      >
        <label
          htmlFor="dateOfIssue"
        >
          Date of Issue
          <span
            style={
              Object {
                "color": "red",
              }
            }
          >
            *
          </span>
        </label>
        <div
          className="date-wrapper "
          id="dateOfIssue_date"
        >
          <div>
            <div
              className="react-datepicker-wrapper"
            >
              <div
                className="react-datepicker__input-container"
              >
                <input
                  autoComplete="off"
                  className=""
                  disabled={false}
                  name="dateOfIssue"
                  onBlur={[Function]}
                  onChange={[Function]}
                  onClick={[Function]}
                  onFocus={[Function]}
                  onKeyDown={[Function]}
                  readOnly={false}
                  type="text"
                  value=""
                />
              </div>
            </div>
          </div>
          <img
            alt="cal"
            className="calendar-icon"
            src="calendar_icon.svg"
          />
        </div>
        <span
          className="error"
        />
      </div>
      <div
        className="form-input  "
      >
        <label
          htmlFor="documentId"
        >
          Document Id
          <span>
            Â 
            (Optional)
          </span>
        </label>
        <input
          autoComplete="off"
          className=" "
          label="Document Id"
          name="documentId"
          onBlur={[Function]}
          onChange={[Function]}
          required={false}
          type="text"
        />
        <span
          className="error"
        />
      </div>
      <div
        className="form-input  "
      >
        <label
          htmlFor="expiryDate"
        >
          Expiry Date
          <span
            style={
              Object {
                "color": "red",
              }
            }
          >
            *
          </span>
        </label>
        <div
          className="date-wrapper "
          id="expiryDate_date"
        >
          <div>
            <div
              className="react-datepicker-wrapper"
            >
              <div
                className="react-datepicker__input-container"
              >
                <input
                  autoComplete="off"
                  className=""
                  disabled={false}
                  name="expiryDate"
                  onBlur={[Function]}
                  onChange={[Function]}
                  onClick={[Function]}
                  onFocus={[Function]}
                  onKeyDown={[Function]}
                  readOnly={false}
                  type="text"
                  value=""
                />
              </div>
            </div>
          </div>
          <img
            alt="cal"
            className="calendar-icon"
            src="calendar_icon.svg"
          />
        </div>
        <span
          className="error"
        />
      </div>
    </div>
  </fieldset>
  <div
    className="travel-document-select-file"
  >
    <p>
      Attach File
    </p>
    <div
      className="document-input__input-container"
    >
      <label
        className="document-input__input-container__prompts"
        htmlFor="select-file"
      >
        <img
          alt="Document Upload"
          className="document-input__input-container__prompts__img"
          src="document-upload-blue.svg"
        />
        <div
          className="document-input__input-container__prompts__text"
        >
          <p>
            Drag file here or choose from computer
          </p>
        </div>
        <input
          id="select-file"
          onChange={[Function]}
          type="file"
        />
      </label>
    </div>
  </div>
  <hr />
  <div
    className="travel-document-submit-area"
  >
    <fieldset>
      <div
        className="submit-area"
      >
        <button
          className="bg-btn bg-btn--inactive"
          id="cancel"
          onClick={[Function]}
          type="button"
        >
          Cancel
        </button>
        <button
          className="bg-btn bg-btn--active"
          disabled={true}
          id="submit"
          type="submit"
        >
          Add Visa
        </button>
      </div>
    </fieldset>
  </div>
</form>
`;
