// Jest Snapshot v1, https://goo.gl/fbAQLP

exports[`should render approvals header correctly 1`] = `
<div
  className="request-panel-header"
>
  <PageHeader
    actionBtn=""
    hideDeleteRoleModal={[Function]}
    location=""
    openModal={[Function]}
    title="APPROVALS"
    titleClassName="title"
  />
</div>
`;
