// Jest Snapshot v1, https://goo.gl/fbAQLP

exports[`<ListEmailTemplates /> renders without crashing 1`] = `
<div>
  <div
    className="list-templates"
  >
    <div
      className="table__container"
    >
      <table
        className="mdl-data-table mdl-js-data-table readiness-table"
      >
        <thead>
          <tr>
            <th
              className="mdl-data-table__cell--non-numeric table__head"
            >
              Template Name
            </th>
            <th
              className="mdl-data-table__cell--non-numeric table__head pl-sm-100d description-left"
            >
              <span />
            </th>
            <th
              className="mdl-data-table__cell--non-numeric table__head pl-sm-100d description-left"
            >
              Created By
            </th>
            <th
              className="mdl-data-table__cell--non-numeric table__head pl-sm-100d description-left"
            >
              <span />
            </th>
            <th
              className="mdl-data-table__cell--non-numeric table__head"
            >
              Created On
            </th>
            <th
              className="mdl-data-table__cell--non-numeric table__head"
            />
          </tr>
        </thead>
        <tbody
          className="table__body"
        >
          <tr
            className="table__rows "
          >
            <td
              className="mdl-data-table__cell--non-numeric table__data readiness__cell-name"
            >
              testing2
            </td>
            <td
              className="mdl-data-table__cell--non-numeric table__data"
            >
              <span />
            </td>
            <td
              className="mdl-data-table__cell--non-numeric table__data"
            >
              Kevin Koech
            </td>
            <td
              className="mdl-data-table__cell--non-numeric table__data"
            >
              <span />
            </td>
            <td
              className="mdl-data-table__cell--non-numeric table__data"
            >
              21-01-2019
            </td>
            <td
              className="table__data"
            >
              <span>
                <i
                  className="fa fa-ellipsis-v on"
                  id="toggleIcon"
                  onClick={[Function]}
                  role="presentation"
                />
                <div
                  className="table__menu-container "
                >
                  <ul
                    className="table__menu-list"
                  >
                    <li
                      className="table__menu-list-item top"
                    >
                      <span
                        className="edit"
                      >
                        Edit
                      </span>
                    </li>
                    <li
                      className="table__menu-list-item bottom"
                    >
                      <span
                        className="disable"
                      >
                        Disable
                      </span>
                    </li>
                  </ul>
                </div>
              </span>
            </td>
          </tr>
          <tr
            className="table__rows "
          >
            <td
              className="mdl-data-table__cell--non-numeric table__data readiness__cell-name"
            >
              moses branch testing
            </td>
            <td
              className="mdl-data-table__cell--non-numeric table__data"
            >
              <span />
            </td>
            <td
              className="mdl-data-table__cell--non-numeric table__data"
            >
              Kevin Koech
            </td>
            <td
              className="mdl-data-table__cell--non-numeric table__data"
            >
              <span />
            </td>
            <td
              className="mdl-data-table__cell--non-numeric table__data"
            >
              21-01-2019
            </td>
            <td
              className="table__data"
            >
              <span>
                <i
                  className="fa fa-ellipsis-v on"
                  id="toggleIcon"
                  onClick={[Function]}
                  role="presentation"
                />
                <div
                  className="table__menu-container "
                >
                  <ul
                    className="table__menu-list"
                  >
                    <li
                      className="table__menu-list-item top"
                    >
                      <span
                        className="edit"
                      >
                        Edit
                      </span>
                    </li>
                    <li
                      className="table__menu-list-item bottom"
                    >
                      <span
                        className="disable"
                      >
                        Disable
                      </span>
                    </li>
                  </ul>
                </div>
              </span>
            </td>
          </tr>
          <tr
            className="table__rows "
          >
            <td
              className="mdl-data-table__cell--non-numeric table__data readiness__cell-name"
            >
              Passport Email Template
            </td>
            <td
              className="mdl-data-table__cell--non-numeric table__data"
            >
              <span />
            </td>
            <td
              className="mdl-data-table__cell--non-numeric table__data"
            >
              Kevin Koech
            </td>
            <td
              className="mdl-data-table__cell--non-numeric table__data"
            >
              <span />
            </td>
            <td
              className="mdl-data-table__cell--non-numeric table__data"
            >
              18-01-2019
            </td>
            <td
              className="table__data"
            >
              <span>
                <i
                  className="fa fa-ellipsis-v on"
                  id="toggleIcon"
                  onClick={[Function]}
                  role="presentation"
                />
                <div
                  className="table__menu-container "
                >
                  <ul
                    className="table__menu-list"
                  >
                    <li
                      className="table__menu-list-item top"
                    >
                      <span
                        className="edit"
                      >
                        Edit
                      </span>
                    </li>
                    <li
                      className="table__menu-list-item bottom"
                    >
                      <span
                        className="disable"
                      >
                        Disable
                      </span>
                    </li>
                  </ul>
                </div>
              </span>
            </td>
          </tr>
          <tr
            className="table__rows "
          >
            <td
              className="mdl-data-table__cell--non-numeric table__data readiness__cell-name"
            >
              Passport Email Template
            </td>
            <td
              className="mdl-data-table__cell--non-numeric table__data"
            >
              <span />
            </td>
            <td
              className="mdl-data-table__cell--non-numeric table__data"
            >
              Kevin Koech
            </td>
            <td
              className="mdl-data-table__cell--non-numeric table__data"
            >
              <span />
            </td>
            <td
              className="mdl-data-table__cell--non-numeric table__data"
            >
              18-01-2019
            </td>
            <td
              className="table__data"
            >
              <span>
                <i
                  className="fa fa-ellipsis-v on"
                  id="toggleIcon"
                  onClick={[Function]}
                  role="presentation"
                />
                <div
                  className="table__menu-container "
                >
                  <ul
                    className="table__menu-list"
                  >
                    <li
                      className="table__menu-list-item top"
                    >
                      <span
                        className="edit"
                      >
                        Edit
                      </span>
                    </li>
                    <li
                      className="table__menu-list-item bottom"
                    >
                      <span
                        className="disable"
                      >
                        Disable
                      </span>
                    </li>
                  </ul>
                </div>
              </span>
            </td>
          </tr>
          <tr
            className="table__rows "
          >
            <td
              className="mdl-data-table__cell--non-numeric table__data readiness__cell-name"
            >
              Passport Email Template
            </td>
            <td
              className="mdl-data-table__cell--non-numeric table__data"
            >
              <span />
            </td>
            <td
              className="mdl-data-table__cell--non-numeric table__data"
            >
              Kevin Koech
            </td>
            <td
              className="mdl-data-table__cell--non-numeric table__data"
            >
              <span />
            </td>
            <td
              className="mdl-data-table__cell--non-numeric table__data"
            >
              18-01-2019
            </td>
            <td
              className="table__data"
            >
              <span>
                <i
                  className="fa fa-ellipsis-v on"
                  id="toggleIcon"
                  onClick={[Function]}
                  role="presentation"
                />
                <div
                  className="table__menu-container "
                >
                  <ul
                    className="table__menu-list"
                  >
                    <li
                      className="table__menu-list-item top"
                    >
                      <span
                        className="edit"
                      >
                        Edit
                      </span>
                    </li>
                    <li
                      className="table__menu-list-item bottom"
                    >
                      <span
                        className="disable"
                      >
                        Disable
                      </span>
                    </li>
                  </ul>
                </div>
              </span>
            </td>
          </tr>
          <tr
            className="table__rows "
          >
            <td
              className="mdl-data-table__cell--non-numeric table__data readiness__cell-name"
            >
              Visa renewal
            </td>
            <td
              className="mdl-data-table__cell--non-numeric table__data"
            >
              <span />
            </td>
            <td
              className="mdl-data-table__cell--non-numeric table__data"
            >
              Kevin Koech
            </td>
            <td
              className="mdl-data-table__cell--non-numeric table__data"
            >
              <span />
            </td>
            <td
              className="mdl-data-table__cell--non-numeric table__data"
            >
              18-01-2019
            </td>
            <td
              className="table__data"
            >
              <span>
                <i
                  className="fa fa-ellipsis-v on"
                  id="toggleIcon"
                  onClick={[Function]}
                  role="presentation"
                />
                <div
                  className="table__menu-container "
                >
                  <ul
                    className="table__menu-list"
                  >
                    <li
                      className="table__menu-list-item top"
                    >
                      <span
                        className="edit"
                      >
                        Edit
                      </span>
                    </li>
                    <li
                      className="table__menu-list-item bottom"
                    >
                      <span
                        className="disable"
                      >
                        Disable
                      </span>
                    </li>
                  </ul>
                </div>
              </span>
            </td>
          </tr>
        </tbody>
      </table>
    </div>
  </div>
  <div
    className="reminder-email-templates"
  >
    <div
      className="pagination"
    >
      <button
        className="pagination__button"
        disabled={true}
        id="previous-button"
        onClick={[Function]}
        type="button"
      >
        <span
          className=""
        >
          Previous
        </span>
        <span
          className=" mdl-cell--hide-desktop mdl-cell--hide-tablet"
        >
          Previous
        </span>
      </button>
      <div
        className="pagination__items"
      >
        <span
          className="pagination__page"
        >
          Page
        </span>
        <div
          className="pagination__current-page"
          id="current-page"
        >
          1
        </div>
        of
        <span
          className="pagination__all-pages"
          id="page-count"
        >
          5
        </span>
      </div>
      <button
        className="pagination__button"
        disabled={false}
        id="next-button"
        onClick={[Function]}
        type="button"
      >
        <span
          className=""
        >
          Next
        </span>
        <span
          className=" mdl-cell--hide-desktop mdl-cell--hide-tablet"
        >
          Next
        </span>
      </button>
    </div>
  </div>
</div>
`;
