// Jest Snapshot v1, https://goo.gl/fbAQLP

exports[`<TravelChecklistsCard /> renders without crashing 1`] = `
<div
  className="mdl-cell mdl-cell--6-col mdl-cell--12-col-tablet mdl-cell--12-phone"
>
  <div
    className="travel-checklist-rectangle"
  >
    <div
      className="travel-checklist-text"
    >
      <p>
         These are the checklist items that you will be required to submit for this trip 
      </p>
    </div>
    <hr
      className="travel-checklist-line"
    />
    <div
      className="pending-approvals-block"
    >
      <div
        className="travel-checklist-loc-title"
      >
        <p>
          Kampala, Uganda
        </p>
      </div>
      <ul
        className="approval-list-items"
      >
        <li
          className="approval-item"
          key="kamp Green card"
        >
          <div
            className="oval"
          />
          <div
            className="checklist-name"
          >
            kamp Green card
          </div>
        </li>
        <li
          className="approval-item"
          key="kam Visa"
        >
          <div
            className="oval"
          />
          <div
            className="checklist-name"
          >
            kam Visa
          </div>
        </li>
        <li
          className="approval-item"
          key="kam passport"
        >
          <div
            className="oval"
          />
          <div
            className="checklist-name"
          >
            kam passport
          </div>
        </li>
        <li
          className="approval-item"
          key="kam Yellow Card"
        >
          <div
            className="oval"
          />
          <div
            className="checklist-name"
          >
            kam Yellow Card
          </div>
        </li>
        <li
          className="approval-item"
          key="Travel Ticket Details"
        >
          <div
            className="oval"
          />
          <div
            className="checklist-name"
          >
            Travel Ticket Details
          </div>
        </li>
      </ul>
      <div
        className="travel-checklist-loc-title"
      >
        <p>
          Nairobi, Kenya
        </p>
      </div>
      <ul
        className="approval-list-items"
      >
        <li
          className="approval-item"
          key="nair visa"
        >
          <div
            className="oval"
          />
          <div
            className="checklist-name"
          >
            nair visa
          </div>
        </li>
        <li
          className="approval-item"
          key="nair passport"
        >
          <div
            className="oval"
          />
          <div
            className="checklist-name"
          >
            nair passport
          </div>
        </li>
        <li
          className="approval-item"
          key="nair yellow card"
        >
          <div
            className="oval"
          />
          <div
            className="checklist-name"
          >
            nair yellow card
          </div>
        </li>
        <li
          className="approval-item"
          key="nair green card"
        >
          <div
            className="oval"
          />
          <div
            className="checklist-name"
          >
            nair green card
          </div>
        </li>
        <li
          className="approval-item"
          key="Travel Ticket Details"
        >
          <div
            className="oval"
          />
          <div
            className="checklist-name"
          >
            Travel Ticket Details
          </div>
        </li>
      </ul>
    </div>
  </div>
</div>
`;
