// Jest Snapshot v1, https://goo.gl/fbAQLP

exports[`Travel Calendar Details should render TravelCalendarDetails 1`] = `
<Fragment>
  <div>
    <div
      className="demo-card-wide mdl-card mdl-shadow--2dp"
    >
      <div
        className="user"
      >
        <ImageLink
          altText="Andela Logo"
          imageClass="navbar__mdl-upic"
          imageSrc="upic.svg"
        />
        <span
          className="user__bio"
        >
          <p
            className="user__name"
          >
            Harrison Maina
          </p>
          <span
            className="user__role"
          >
            Product designer
          </span>
          <span
            className="user__role"
          >
            , 
          </span>
          <span
            className="user__role"
          >
            Apprenticeship Department
          </span>
        </span>
        <button
          className="toggle-btn"
          onClick={[Function]}
          type="button"
        >
          Show Details
          <img
            alt="show/hide details"
            className="toggle-btn__icon"
            src="downArrow.svg"
          />
        </button>
      </div>
      <div
        className="flight-details"
      />
    </div>
  </div>
</Fragment>
`;
