// Jest Snapshot v1, https://goo.gl/fbAQLP

exports[`<TripGeometry /> renders correctly 1`] = `
<TimelineBarWrapper
  setBookingDetailsAbsolutePos={[Function]}
  toggleBookingDetails={[Function]}
  tripStats={
    Object {
      "length": 7,
      "stayPercentage": "100%",
      "tripTimelineOffsetLeft": -11811,
    }
  }
>
  <TimelineBar
    customStyle={
      Object {
        "background": "hsl(227,71%,58%)",
      }
    }
    tripDayWidth={31}
    tripStats={
      Object {
        "length": 7,
        "stayPercentage": "100%",
        "tripTimelineOffsetLeft": -11811,
      }
    }
  >
    <div
      className="geom-trip geom-trip--inner"
      style={
        Object {
          "background": "hsl(227,81%,38%)",
          "width": "100%",
        }
      }
    />
    <span>
      John Doe  (M)
    </span>
  </TimelineBar>
  <TripDetails
    bookingDetailsPos={0}
    detailsVariantClass="hidden"
    handleChangeRoomModal={[Function]}
    toggleBookingDetails={[Function]}
    translateDetailsLeft={false}
    trip={
      Object {
        "departureDate": "2018-01-01",
        "request": Object {
          "gender": "Male",
          "name": "John Doe",
        },
        "returnDate": "2018-01-07",
      }
    }
  />
</TimelineBarWrapper>
`;
